16:42:09 **** Incremental Build of configuration Debug for project snake ****
make all 
make: Nothing to be done for `all'.
16:43:06 **** Auto Build of configuration Debug for project snake ****
make all 
'Building target: snake.elf'
'Invoking: MicroBlaze gcc linker'
mb-gcc -Wl,-T -Wl,../src/lscript.ld -L../../Linedraw_bsp/microblaze_0/lib -mlittle-endian -mxl-barrel-shift -mxl-pattern-compare -mcpu=v8.50.c -mno-xl-soft-mul -Wl,--no-relax -Wl,--gc-sections -o "snake.elf"  ./src/main.o ./src/snake.o   -Wl,--start-group,-lxil,-lgcc,-lc,--end-group
'Finished building target: snake.elf'
' '
'Invoking: MicroBlaze Print Size'
mb-size snake.elf  |tee "snake.elf.size"
   text	   data	    bss	    dec	    hex	filename
   4174	    340	   2140	   6654	   19fe	snake.elf
'Finished building: snake.elf.size'
' '
'Invoking: Xilinx ELF Check'
elfcheck snake.elf -hw ../../piano_hw_platform/system.xml -pe microblaze_0  |tee "snake.elf.elfcheck"
elfcheck
Xilinx EDK 14.7 Build EDK_P.20131013
Copyright (c) 1995-2012 Xilinx, Inc.  All rights reserved.

Command Line: elfcheck -hw ../../piano_hw_platform/system.xml -pe microblaze_0
snake.elf 

ELF file	: snake.elf
elfcheck passed.
'Finished building: snake.elf.elfcheck'
' '
16:43:10 **** Incremental Build of configuration Debug for project Linedraw ****
make all 
make: Nothing to be done for `all'.
16:43:11 **** Incremental Build of configuration Debug for project drawchar ****
make all 
make: Nothing to be done for `all'.
16:43:13 **** Incremental Build of configuration Debug for project snake ****
make all 
make: Nothing to be done for `all'.
16:44:23 **** Build of project standalone_bsp_1 ****
make -k all 
libgen -hw ../piano_hw_platform/system.xml\
	       \
	       -pe microblaze_0 \
	       -log libgen.log \
	       system.mss
libgen
Xilinx EDK 14.7 Build EDK_P.20131013
Copyright (c) 1995-2012 Xilinx, Inc.  All rights reserved.

Command Line: libgen -hw ../piano_hw_platform/system.xml -pe microblaze_0 -log
libgen.log system.mss 


Staging source files.
Running DRCs.
Running generate.
Running post_generate.
Running include - 'make -s include "COMPILER=mb-gcc" "ARCHIVER=mb-ar"
"COMPILER_FLAGS=-mlittle-endian -mno-xl-soft-mul -mxl-barrel-shift
-mxl-pattern-compare -mcpu=v8.50.c  -O2 -c" "EXTRA_COMPILER_FLAGS=-g
-ffunction-sections -fdata-sections"'.

Running libs - 'make -s libs "COMPILER=mb-gcc" "ARCHIVER=mb-ar"
"COMPILER_FLAGS=-mlittle-endian -mno-xl-soft-mul -mxl-barrel-shift
-mxl-pattern-compare -mcpu=v8.50.c  -O2 -c" "EXTRA_COMPILER_FLAGS=-g
-ffunction-sections -fdata-sections"'.
"Compiling common"
"Compiling standalone";
"Compiling intc"
"Compiling tmrctr"
"Compiling uartlite"
"Compiling gpio"
"Compiling bram"
"Compiling ps2"
"Compiling tft"
"Compiling cpu"
Running execs_generate.
'Finished building libraries'
16:48:55 **** Incremental Build of configuration Debug for project Linedraw ****
make all 
make: Nothing to be done for `all'.
16:48:57 **** Incremental Build of configuration Debug for project drawchar ****
make all 
make: Nothing to be done for `all'.
16:48:58 **** Incremental Build of configuration Debug for project snake ****
make all 
make: Nothing to be done for `all'.
16:49:11 **** Clean-only build of configuration Debug for project snake ****
make clean 
rm -rf  ./src/main.o ./src/snake.o  ./src/main.d ./src/snake.d  snake.elf.size  snake.elf.elfcheck  snake.elf
' '
16:49:12 **** Auto Build of configuration Debug for project snake ****
make all 
'Building file: ../src/main.c'
'Invoking: MicroBlaze gcc compiler'
mb-gcc -Wall -O0 -g3 -c -fmessage-length=0 -I../../standalone_bsp_1/microblaze_0/include -mlittle-endian -mxl-barrel-shift -mxl-pattern-compare -mcpu=v8.50.c -mno-xl-soft-mul -Wl,--no-relax -ffunction-sections -fdata-sections -MMD -MP -MF"src/main.d" -MT"src/main.d" -o "src/main.o" "../src/main.c"
'Finished building: ../src/main.c'
' '
'Building file: ../src/snake.c'
'Invoking: MicroBlaze gcc compiler'
mb-gcc -Wall -O0 -g3 -c -fmessage-length=0 -I../../standalone_bsp_1/microblaze_0/include -mlittle-endian -mxl-barrel-shift -mxl-pattern-compare -mcpu=v8.50.c -mno-xl-soft-mul -Wl,--no-relax -ffunction-sections -fdata-sections -MMD -MP -MF"src/snake.d" -MT"src/snake.d" -o "src/snake.o" "../src/snake.c"
'Finished building: ../src/snake.c'
' '
'Building target: snake.elf'
'Invoking: MicroBlaze gcc linker'
mb-gcc -Wl,-T -Wl,../src/lscript.ld -L../../standalone_bsp_1/microblaze_0/lib -mlittle-endian -mxl-barrel-shift -mxl-pattern-compare -mcpu=v8.50.c -mno-xl-soft-mul -Wl,--no-relax -Wl,--gc-sections -o "snake.elf"  ./src/main.o ./src/snake.o   -Wl,--start-group,-lxil,-lgcc,-lc,--end-group
'Finished building target: snake.elf'
' '
'Invoking: MicroBlaze Print Size'
mb-size snake.elf  |tee "snake.elf.size"
   text	   data	    bss	    dec	    hex	filename
   4174	    340	   2140	   6654	   19fe	snake.elf
'Finished building: snake.elf.size'
' '
'Invoking: Xilinx ELF Check'
elfcheck snake.elf -hw ../../piano_hw_platform/system.xml -pe microblaze_0  |tee "snake.elf.elfcheck"
elfcheck
Xilinx EDK 14.7 Build EDK_P.20131013
Copyright (c) 1995-2012 Xilinx, Inc.  All rights reserved.

Command Line: elfcheck -hw ../../piano_hw_platform/system.xml -pe microblaze_0
snake.elf 

ELF file	: snake.elf
elfcheck passed.
'Finished building: snake.elf.elfcheck'
' '
16:49:19 **** Incremental Build of configuration Debug for project Linedraw ****
make all 
make: Nothing to be done for `all'.
16:49:21 **** Incremental Build of configuration Debug for project drawchar ****
make all 
make: Nothing to be done for `all'.
16:49:22 **** Incremental Build of configuration Debug for project snake ****
make all 
make: Nothing to be done for `all'.
16:50:20 **** Incremental Build of configuration Debug for project Linedraw ****
make all 
make: Nothing to be done for `all'.
16:50:22 **** Incremental Build of configuration Debug for project drawchar ****
make all 
make: Nothing to be done for `all'.
16:50:23 **** Incremental Build of configuration Debug for project snake ****
make all 
make: Nothing to be done for `all'.
16:53:07 **** Auto Build of configuration Debug for project snake ****
make all 
'Building file: ../src/main.c'
'Invoking: MicroBlaze gcc compiler'
mb-gcc -Wall -O0 -g3 -c -fmessage-length=0 -I../../standalone_bsp_1/microblaze_0/include -mlittle-endian -mxl-barrel-shift -mxl-pattern-compare -mcpu=v8.50.c -mno-xl-soft-mul -Wl,--no-relax -ffunction-sections -fdata-sections -MMD -MP -MF"src/main.d" -MT"src/main.d" -o "src/main.o" "../src/main.c"
'Finished building: ../src/main.c'
' '
'Building target: snake.elf'
'Invoking: MicroBlaze gcc linker'
mb-gcc -Wl,-T -Wl,../src/lscript.ld -L../../standalone_bsp_1/microblaze_0/lib -mlittle-endian -mxl-barrel-shift -mxl-pattern-compare -mcpu=v8.50.c -mno-xl-soft-mul -Wl,--no-relax -Wl,--gc-sections -o "snake.elf"  ./src/main.o ./src/snake.o   -Wl,--start-group,-lxil,-lgcc,-lc,--end-group
'Finished building target: snake.elf'
' '
'Invoking: MicroBlaze Print Size'
mb-size snake.elf  |tee "snake.elf.size"
   text	   data	    bss	    dec	    hex	filename
   4214	    340	   2140	   6694	   1a26	snake.elf
'Finished building: snake.elf.size'
' '
'Invoking: Xilinx ELF Check'
elfcheck snake.elf -hw ../../piano_hw_platform/system.xml -pe microblaze_0  |tee "snake.elf.elfcheck"
elfcheck
Xilinx EDK 14.7 Build EDK_P.20131013
Copyright (c) 1995-2012 Xilinx, Inc.  All rights reserved.

Command Line: elfcheck -hw ../../piano_hw_platform/system.xml -pe microblaze_0
snake.elf 

ELF file	: snake.elf
elfcheck passed.
'Finished building: snake.elf.elfcheck'
' '
16:53:14 **** Incremental Build of configuration Debug for project Linedraw ****
make all 
make: Nothing to be done for `all'.
16:53:15 **** Incremental Build of configuration Debug for project drawchar ****
make all 
make: Nothing to be done for `all'.
16:53:17 **** Incremental Build of configuration Debug for project snake ****
make all 
make: Nothing to be done for `all'.
16:54:23 **** Clean-only build of configuration Debug for project Linedraw ****
make clean 
rm -rf  ./src/helloworld.o ./src/platform.o  ./src/helloworld.d ./src/platform.d  Linedraw.elf.size  Linedraw.elf.elfcheck  Linedraw.elf
' '
16:54:25 **** Auto Build of configuration Debug for project Linedraw ****
make all 
'Building file: ../src/helloworld.c'
'Invoking: MicroBlaze gcc compiler'
mb-gcc -Wall -O0 -g3 -c -fmessage-length=0 -IG:/GreedSnake_VGA/piano/SDK/SDK_Export/sw/standalone_bsp_1/microblaze_0/include -mlittle-endian -mxl-barrel-shift -mxl-pattern-compare -mcpu=v8.50.c -mno-xl-soft-mul -Wl,--no-relax -ffunction-sections -fdata-sections -MMD -MP -MF"src/helloworld.d" -MT"src/helloworld.d" -o "src/helloworld.o" "../src/helloworld.c"
'Finished building: ../src/helloworld.c'
' '
'Building file: ../src/platform.c'
'Invoking: MicroBlaze gcc compiler'
mb-gcc -Wall -O0 -g3 -c -fmessage-length=0 -IG:/GreedSnake_VGA/piano/SDK/SDK_Export/sw/standalone_bsp_1/microblaze_0/include -mlittle-endian -mxl-barrel-shift -mxl-pattern-compare -mcpu=v8.50.c -mno-xl-soft-mul -Wl,--no-relax -ffunction-sections -fdata-sections -MMD -MP -MF"src/platform.d" -MT"src/platform.d" -o "src/platform.o" "../src/platform.c"
'Finished building: ../src/platform.c'
' '
'Building target: Linedraw.elf'
'Invoking: MicroBlaze gcc linker'
mb-gcc -Wl,-T -Wl,../src/lscript.ld -LG:/GreedSnake_VGA/piano/SDK/SDK_Export/sw/standalone_bsp_1/microblaze_0/lib -mlittle-endian -mxl-barrel-shift -mxl-pattern-compare -mcpu=v8.50.c -mno-xl-soft-mul -Wl,--no-relax -Wl,--gc-sections -o "Linedraw.elf"  ./src/helloworld.o ./src/platform.o   -Wl,--start-group,-lxil,-lgcc,-lc,--end-group
'Finished building target: Linedraw.elf'
' '
'Invoking: MicroBlaze Print Size'
mb-size Linedraw.elf  |tee "Linedraw.elf.size"
   text	   data	    bss	    dec	    hex	filename
   4174	    340	   2140	   6654	   19fe	Linedraw.elf
'Finished building: Linedraw.elf.size'
' '
'Invoking: Xilinx ELF Check'
elfcheck Linedraw.elf -hw G:/GreedSnake_VGA/piano/SDK/SDK_Export/sw/piano_hw_platform/system.xml -pe microblaze_0  |tee "Linedraw.elf.elfcheck"
elfcheck
Xilinx EDK 14.7 Build EDK_P.20131013
Copyright (c) 1995-2012 Xilinx, Inc.  All rights reserved.

Command Line: elfcheck -hw
G:/GreedSnake_VGA/piano/SDK/SDK_Export/sw/piano_hw_platform/system.xml -pe
microblaze_0 Linedraw.elf 

ELF file	: Linedraw.elf
elfcheck passed.
'Finished building: Linedraw.elf.elfcheck'
' '
16:54:37 **** Incremental Build of configuration Debug for project drawchar ****
make all 
make: Nothing to be done for `all'.
16:54:38 **** Incremental Build of configuration Debug for project snake ****
make all 
make: Nothing to be done for `all'.
16:54:40 **** Incremental Build of configuration Debug for project Linedraw ****
make all 
make: Nothing to be done for `all'.
