
**** Build of configuration Debug for project test_tft ****

make all 
Building file: ../src/memory_config_g.c
Invoking: MicroBlaze gcc compiler
mb-gcc -Wall -O0 -g3 -c -fmessage-length=0 -Wl,--no-relax -I../../standalone_bsp_0/microblaze_0/include -mlittle-endian -mxl-barrel-shift -mxl-pattern-compare -mcpu=v8.40.b -mno-xl-soft-mul -MMD -MP -MF"src/memory_config_g.d" -MT"src/memory_config_g.d" -o"src/memory_config_g.o" "../src/memory_config_g.c"
Finished building: ../src/memory_config_g.c
 
Building file: ../src/memorytest.c
Invoking: MicroBlaze gcc compiler
mb-gcc -Wall -O0 -g3 -c -fmessage-length=0 -Wl,--no-relax -I../../standalone_bsp_0/microblaze_0/include -mlittle-endian -mxl-barrel-shift -mxl-pattern-compare -mcpu=v8.40.b -mno-xl-soft-mul -MMD -MP -MF"src/memorytest.d" -MT"src/memorytest.d" -o"src/memorytest.o" "../src/memorytest.c"
../src/memorytest.c: In function ‘main’:
Finished building: ../src/memorytest.c
../src/memorytest.c:76:13: warning: unused variable ‘k’ [-Wunused-variable]
 
Building file: ../src/platform.c
Invoking: MicroBlaze gcc compiler
mb-gcc -Wall -O0 -g3 -c -fmessage-length=0 -Wl,--no-relax -I../../standalone_bsp_0/microblaze_0/include -mlittle-endian -mxl-barrel-shift -mxl-pattern-compare -mcpu=v8.40.b -mno-xl-soft-mul -MMD -MP -MF"src/platform.d" -MT"src/platform.d" -o"src/platform.o" "../src/platform.c"
Finished building: ../src/platform.c
 
Building target: test_tft.elf
Invoking: MicroBlaze gcc linker
mb-gcc -Wl,--no-relax -Wl,-T -Wl,../src/lscript.ld -L../../standalone_bsp_0/microblaze_0/lib -mlittle-endian -mxl-barrel-shift -mxl-pattern-compare -mcpu=v8.40.b -mno-xl-soft-mul -o"test_tft.elf"  ./src/memory_config_g.o ./src/memorytest.o ./src/platform.o   -Wl,--start-group,-lxil,-lgcc,-lc,--end-group
Finished building target: test_tft.elf
 
Invoking: MicroBlaze Print Size
mb-size test_tft.elf  |tee "test_tft.elf.size"
   text	   data	    bss	    dec	    hex	filename
  10406	    348	   1080	  11834	   2e3a	test_tft.elf
Finished building: test_tft.elf.size
 
Invoking: Xilinx ELF Check
elfcheck test_tft.elf -hw ../../source_hw_platform/system.xml -pe microblaze_0  |tee "test_tft.elf.elfcheck"
elfcheck
Xilinx EDK 14.4 Build EDK_P.49d
Copyright (c) 1995-2012 Xilinx, Inc.  All rights reserved.

Command Line: elfcheck -hw ../../source_hw_platform/system.xml -pe microblaze_0
test_tft.elf 

ELF file	: test_tft.elf
elfcheck passed.
Finished building: test_tft.elf.elfcheck
 
