16:24:50 **** Build of configuration Debug for project test_tft ****
make all 
'Building file: ../src/memorytest.c'
'Invoking: MicroBlaze gcc compiler'
mb-gcc -Wall -O0 -g3 -c -fmessage-length=0 -I../../standalone_bsp_0/microblaze_0/include -mlittle-endian -mxl-barrel-shift -mxl-pattern-compare -mcpu=v8.40.b -mno-xl-soft-mul -Wl,--no-relax -MMD -MP -MF"src/memorytest.d" -MT"src/memorytest.d" -o "src/memorytest.o" "../src/memorytest.c"
'Finished building: ../src/memorytest.c'
' '
'Building target: test_tft.elf'
'Invoking: MicroBlaze gcc linker'
mb-gcc -Wl,-T -Wl,../src/lscript.ld -L../../standalone_bsp_0/microblaze_0/lib -mlittle-endian -mxl-barrel-shift -mxl-pattern-compare -mcpu=v8.40.b -mno-xl-soft-mul -Wl,--no-relax -o "test_tft.elf"  ./src/memorytest.o   -Wl,--start-group,-lxil,-lgcc,-lc,--end-group
'Finished building target: test_tft.elf'
' '
'Invoking: MicroBlaze Print Size'
mb-size test_tft.elf  |tee "test_tft.elf.size"
   text	   data	    bss	    dec	    hex	filename
   2138	    280	   1062	   3480	    d98	test_tft.elf
'Finished building: test_tft.elf.size'
' '
'Invoking: Xilinx ELF Check'
elfcheck test_tft.elf -hw ../../source_hw_platform/system.xml -pe microblaze_0  |tee "test_tft.elf.elfcheck"
elfcheck
Xilinx EDK 14.7 Build EDK_P.20131013
Copyright (c) 1995-2012 Xilinx, Inc.  All rights reserved.

Command Line: elfcheck -hw ../../source_hw_platform/system.xml -pe microblaze_0
test_tft.elf 

ELF file	: test_tft.elf
elfcheck passed.
'Finished building: test_tft.elf.elfcheck'
' '

16:24:55 Build Finished (took 4s.243ms)

