E:\application_program2\xilinx_works\microcomputer_MIPS_Nexys4\piano\piano\implementation\system.ngc 1420460014
E:/application_program2/xilinx_works/microcomputer_MIPS_Nexys4/piano/piano/implementation/system_dip_wrapper.ngc 1420459907
E:/application_program2/xilinx_works/microcomputer_MIPS_Nexys4/piano/piano/implementation/system_reset_0_wrapper.ngc 1420459606
E:/application_program2/xilinx_works/microcomputer_MIPS_Nexys4/piano/piano/implementation/system_clock_generator_0_wrapper.ngc 1420459960
E:/application_program2/xilinx_works/microcomputer_MIPS_Nexys4/piano/piano/implementation/system_axi_uartlite_0_wrapper.ngc 1420459825
E:/application_program2/xilinx_works/microcomputer_MIPS_Nexys4/piano/piano/implementation/system_microblaze_0_ilmb_wrapper.ngc 1420459927
E:/application_program2/xilinx_works/microcomputer_MIPS_Nexys4/piano/piano/implementation/system_microblaze_0_dlmb_wrapper.ngc 1420459935
E:/application_program2/xilinx_works/microcomputer_MIPS_Nexys4/piano/piano/implementation/system_plb_v46_0_wrapper.ngc 1420459623
E:/application_program2/xilinx_works/microcomputer_MIPS_Nexys4/piano/piano/implementation/system_microblaze_0_axi_periph_wrapper.ngc 1420459943
E:/application_program2/xilinx_works/microcomputer_MIPS_Nexys4/piano/piano/implementation/system_microblaze_0_wrapper.ngc 1420459952
E:/application_program2/xilinx_works/microcomputer_MIPS_Nexys4/piano/piano/implementation/system_xps_tft_0_wrapper.ngc 1420459919
E:/application_program2/xilinx_works/microcomputer_MIPS_Nexys4/piano/piano/implementation/system_xps_ps2_0_wrapper.ngc 1420459569
E:/application_program2/xilinx_works/microcomputer_MIPS_Nexys4/piano/piano/implementation/system_xps_mch_emc_0_wrapper.ngc 1420459593
E:/application_program2/xilinx_works/microcomputer_MIPS_Nexys4/piano/piano/implementation/system_microblaze_0_i_bram_cntlr_wrapper.ngc 1420459648
E:/application_program2/xilinx_works/microcomputer_MIPS_Nexys4/piano/piano/implementation/system_microblaze_0_debug_module_wrapper.ngc 1420459675
E:/application_program2/xilinx_works/microcomputer_MIPS_Nexys4/piano/piano/implementation/system_microblaze_0_d_bram_cntlr_wrapper.ngc 1420459688
E:/application_program2/xilinx_works/microcomputer_MIPS_Nexys4/piano/piano/implementation/system_axi_timer_0_wrapper.ngc 1420459843
E:/application_program2/xilinx_works/microcomputer_MIPS_Nexys4/piano/piano/implementation/system_axi_plbv46_bridge_0_wrapper.ngc 1420459968
E:/application_program2/xilinx_works/microcomputer_MIPS_Nexys4/piano/piano/implementation/system_axi_intc_0_wrapper.ngc 1420459874
E:/application_program2/xilinx_works/microcomputer_MIPS_Nexys4/piano/piano/implementation/system_audio_ip_0_wrapper.ngc 1420459891
E:/application_program2/xilinx_works/microcomputer_MIPS_Nexys4/piano/piano/implementation/system_microblaze_0_bram_block_wrapper.ngc 1420459716
OK
