21:00:38 **** Auto Build of configuration Debug for project OmyGod ****
make all 
Building file: ../src/helloworld.c
Invoking: MicroBlaze gcc compiler
mb-gcc -Wall -O0 -g3 -c -fmessage-length=0 -I../../OmyGod_bsp/microblaze_0/include -mlittle-endian -mxl-barrel-shift -mxl-pattern-compare -mcpu=v8.40.b -mno-xl-soft-mul -Wl,--no-relax -ffunction-sections -fdata-sections -MMD -MP -MF"src/helloworld.d" -MT"src/helloworld.d" -o "src/helloworld.o" "../src/helloworld.c"
Finished building: ../src/helloworld.c
 
Building target: OmyGod.elf
Invoking: MicroBlaze gcc linker
mb-gcc -Wl,-T -Wl,../src/lscript.ld -L../../OmyGod_bsp/microblaze_0/lib -mlittle-endian -mxl-barrel-shift -mxl-pattern-compare -mcpu=v8.40.b -mno-xl-soft-mul -Wl,--no-relax -Wl,--gc-sections -o "OmyGod.elf"  ./src/helloworld.o ./src/platform.o   -Wl,--start-group,-lxil,-lgcc,-lc,--end-group
Finished building target: OmyGod.elf
 
Invoking: MicroBlaze Print Size
mb-size OmyGod.elf  |tee "OmyGod.elf.size"
   text	   data	    bss	    dec	    hex	filename
   4174	    340	   2140	   6654	   19fe	OmyGod.elf
Finished building: OmyGod.elf.size
 
Invoking: Xilinx ELF Check
elfcheck OmyGod.elf -hw ../../N4_TFT_Ok_hw_platform/system.xml -pe microblaze_0  |tee "OmyGod.elf.elfcheck"
elfcheck
Xilinx EDK 14.7 Build EDK_P.20131013
Copyright (c) 1995-2012 Xilinx, Inc.  All rights reserved.

Command Line: elfcheck -hw ../../N4_TFT_Ok_hw_platform/system.xml -pe
microblaze_0 OmyGod.elf 

ELF file	: OmyGod.elf
elfcheck passed.
Finished building: OmyGod.elf.elfcheck
 

21:00:41 Build Finished (took 2s.791ms)

